CCS PCM C Compiler, Version 4.114, 93460303               13-dic.-25 16:51

               Filename: C:\Users\isaac\Desktop\pic16f877a\7segx4\4x7.lst

               ROM used: 190 words (2%)
                         Largest free fragment is 2048
               RAM used: 15 (4%) at main() level
                         25 (7%) worst case
               Stack:    2 locations

*
0000:  MOVLW  00
0001:  MOVWF  0A
0002:  GOTO   04A
0003:  NOP
.................... #include<16f877a.h> 
.................... //////// Standard Header file for the PIC16F877A device //////////////// 
.................... #device PIC16F877A 
.................... #list 
....................  
.................... #fuses xt,nowdt 
.................... #use delay(clock=4M) 
0004:  MOVLW  33
0005:  MOVWF  04
0006:  BCF    03.7
0007:  MOVF   00,W
0008:  BTFSC  03.2
0009:  GOTO   018
000A:  MOVLW  01
000B:  MOVWF  78
000C:  CLRF   77
000D:  DECFSZ 77,F
000E:  GOTO   00D
000F:  DECFSZ 78,F
0010:  GOTO   00C
0011:  MOVLW  4A
0012:  MOVWF  77
0013:  DECFSZ 77,F
0014:  GOTO   013
0015:  GOTO   016
0016:  DECFSZ 00,F
0017:  GOTO   00A
0018:  RETURN
.................... #USE FAST_IO(A) 
.................... #USE FAST_IO(B) 
.................... #USE FAST_IO(C) 
....................  
.................... void show(int unidad,int decenas ,int centenas , int millares); 
....................  
.................... int hexa[10] ={0x7E,0x30,0x6D,0x79,0x33,0x5B,0x1F,0x70,0x7F,0x7B}; 
*
0055:  MOVLW  7E
0056:  BCF    03.5
0057:  MOVWF  20
0058:  MOVLW  30
0059:  MOVWF  21
005A:  MOVLW  6D
005B:  MOVWF  22
005C:  MOVLW  79
005D:  MOVWF  23
005E:  MOVLW  33
005F:  MOVWF  24
0060:  MOVLW  5B
0061:  MOVWF  25
0062:  MOVLW  1F
0063:  MOVWF  26
0064:  MOVLW  70
0065:  MOVWF  27
0066:  MOVLW  7F
0067:  MOVWF  28
0068:  MOVLW  7B
0069:  MOVWF  29
....................  
.................... void main(){ 
*
004A:  CLRF   04
004B:  BCF    03.7
004C:  MOVLW  1F
004D:  ANDWF  03,F
004E:  BSF    03.5
004F:  BSF    1F.0
0050:  BSF    1F.1
0051:  BSF    1F.2
0052:  BCF    1F.3
0053:  MOVLW  07
0054:  MOVWF  1C
....................     set_tris_a(0b00000010); 
*
006A:  MOVLW  02
006B:  BSF    03.5
006C:  MOVWF  05
....................     set_tris_b(0x00); 
006D:  MOVLW  00
006E:  MOVWF  06
....................     set_tris_c(0b11111000); 
006F:  MOVLW  F8
0070:  MOVWF  07
....................      
....................     output_b(0x00); 
0071:  BCF    03.5
0072:  CLRF   06
....................      
....................      
....................     int flag = 1; 
....................      
....................     int millares = 0; 
....................     int centenas = 0; 
....................     int decenas = 0; 
....................     int unidad = 0; 
0073:  MOVLW  01
0074:  MOVWF  2A
0075:  CLRF   2B
0076:  CLRF   2C
0077:  CLRF   2D
0078:  CLRF   2E
....................      
....................     while(1){ 
....................        for(millares = 0; millares < 10; millares++){ 
0079:  CLRF   2B
007A:  MOVF   2B,W
007B:  SUBLW  09
007C:  BTFSS  03.0
007D:  GOTO   0B8
....................           for(centenas = 0; centenas < 10; centenas++){ 
007E:  CLRF   2C
007F:  MOVF   2C,W
0080:  SUBLW  09
0081:  BTFSS  03.0
0082:  GOTO   0B6
....................              for(decenas = 0; decenas < 10; decenas++){ 
0083:  CLRF   2D
0084:  MOVF   2D,W
0085:  SUBLW  09
0086:  BTFSS  03.0
0087:  GOTO   0B4
....................                for(unidad = 0; unidad < 10; unidad++){ 
0088:  CLRF   2E
0089:  MOVF   2E,W
008A:  SUBLW  09
008B:  BTFSS  03.0
008C:  GOTO   0B2
....................                    if(input(PIN_A1)){  // ? Paréntesis agregado 
008D:  BTFSS  05.1
008E:  GOTO   0A7
....................                       delay_ms(50); 
008F:  MOVLW  32
0090:  MOVWF  33
0091:  CALL   004
....................                       flag = 0; 
0092:  CLRF   2A
....................                        
....................                       while(flag == 0){ 
0093:  MOVF   2A,F
0094:  BTFSS  03.2
0095:  GOTO   0A7
....................                          if(input(PIN_A1)){  // ? Paréntesis agregado 
0096:  BTFSS  05.1
0097:  GOTO   09D
....................                             delay_ms(50); 
0098:  MOVLW  32
0099:  MOVWF  33
009A:  CALL   004
....................                             flag = 1; 
009B:  MOVLW  01
009C:  MOVWF  2A
....................                          } 
....................                          show(unidad,decenas,centenas,millares); 
009D:  MOVF   2E,W
009E:  MOVWF  2F
009F:  MOVF   2D,W
00A0:  MOVWF  30
00A1:  MOVF   2C,W
00A2:  MOVWF  31
00A3:  MOVF   2B,W
00A4:  MOVWF  32
00A5:  CALL   019
....................                       } 
00A6:  GOTO   093
....................                    } 
....................                    show(unidad,decenas,centenas,millares); 
00A7:  MOVF   2E,W
00A8:  MOVWF  2F
00A9:  MOVF   2D,W
00AA:  MOVWF  30
00AB:  MOVF   2C,W
00AC:  MOVWF  31
00AD:  MOVF   2B,W
00AE:  MOVWF  32
00AF:  CALL   019
....................                } 
00B0:  INCF   2E,F
00B1:  GOTO   089
....................              } 
00B2:  INCF   2D,F
00B3:  GOTO   084
....................           } 
00B4:  INCF   2C,F
00B5:  GOTO   07F
....................        } 
00B6:  INCF   2B,F
00B7:  GOTO   07A
....................         
....................         millares = 0; 
00B8:  CLRF   2B
....................         centenas = 0; 
00B9:  CLRF   2C
....................         decenas = 0; 
00BA:  CLRF   2D
....................         unidad = 0; 
00BB:  CLRF   2E
....................     } 
00BC:  GOTO   079
.................... } 
....................  
.................... void show(int unidad,int decenas ,int centenas , int millares){ 
....................     output_c(0b11111000); 
*
0019:  MOVLW  F8
001A:  MOVWF  07
*
00BD:  SLEEP
....................     output_b(hexa[millares]); 
*
001B:  MOVLW  20
001C:  ADDWF  32,W
001D:  MOVWF  04
001E:  BCF    03.7
001F:  MOVF   00,W
0020:  MOVWF  33
0021:  MOVWF  06
....................     delay_ms(1); 
0022:  MOVLW  01
0023:  MOVWF  33
0024:  CALL   004
....................      
....................     output_c(0b11111001); 
0025:  MOVLW  F9
0026:  MOVWF  07
....................     output_b(hexa[centenas]); 
0027:  MOVLW  20
0028:  ADDWF  31,W
0029:  MOVWF  04
002A:  BCF    03.7
002B:  MOVF   00,W
002C:  MOVWF  33
002D:  MOVWF  06
....................     delay_ms(1); 
002E:  MOVLW  01
002F:  MOVWF  33
0030:  CALL   004
....................      
....................     output_c(0b11111010); 
0031:  MOVLW  FA
0032:  MOVWF  07
....................     output_b(hexa[decenas]); 
0033:  MOVLW  20
0034:  ADDWF  30,W
0035:  MOVWF  04
0036:  BCF    03.7
0037:  MOVF   00,W
0038:  MOVWF  33
0039:  MOVWF  06
....................     delay_ms(1); 
003A:  MOVLW  01
003B:  MOVWF  33
003C:  CALL   004
....................      
....................     output_c(0b11111011); 
003D:  MOVLW  FB
003E:  MOVWF  07
....................     output_b(hexa[unidad]); 
003F:  MOVLW  20
0040:  ADDWF  2F,W
0041:  MOVWF  04
0042:  BCF    03.7
0043:  MOVF   00,W
0044:  MOVWF  33
0045:  MOVWF  06
....................     delay_ms(1);  // Dentro de la función ahora 
0046:  MOVLW  01
0047:  MOVWF  33
0048:  CALL   004
.................... } 
0049:  RETURN

Configuration Fuses:
   Word  1: 3F71   XT NOWDT PUT BROWNOUT NOLVP NOCPD NOWRT NODEBUG NOPROTECT
