CCS PCM C Compiler, Version 4.114, 93460303               22-dic.-25 18:17

               Filename: C:\Users\isaac\Desktop\pic16f877a\menu\menu.lst

               ROM used: 794 words (10%)
                         Largest free fragment is 2048
               RAM used: 7 (2%) at main() level
                         23 (6%) worst case
               Stack:    5 locations

*
0000:  MOVLW  02
0001:  MOVWF  0A
0002:  GOTO   271
0003:  NOP
.................... #include <16f877a.h> 
.................... //////// Standard Header file for the PIC16F877A device //////////////// 
.................... #device PIC16F877A 
.................... #list 
....................  
.................... #fuses XT,NOWDT 
.................... #use delay(clock=4M) 
*
0038:  MOVLW  29
0039:  MOVWF  04
003A:  BCF    03.7
003B:  MOVF   00,W
003C:  BTFSC  03.2
003D:  GOTO   04C
003E:  MOVLW  01
003F:  MOVWF  78
0040:  CLRF   77
0041:  DECFSZ 77,F
0042:  GOTO   041
0043:  DECFSZ 78,F
0044:  GOTO   040
0045:  MOVLW  4A
0046:  MOVWF  77
0047:  DECFSZ 77,F
0048:  GOTO   047
0049:  GOTO   04A
004A:  DECFSZ 00,F
004B:  GOTO   03E
004C:  RETURN
.................... #use fast_io(B) 
.................... #use fast_io(C) 
....................  
.................... #define lcd_rs_pin     pin_d0 
.................... #define lcd_rw_pin     pin_d1 
.................... #define lcd_enable_pin pin_d2 
.................... #define lcd_data4      pin_d4 
.................... #define lcd_data5      pin_d5 
.................... #define lcd_data6      pin_d6 
.................... #define lcd_data7      pin_d7 
.................... #include <lcd.c> 
.................... /////////////////////////////////////////////////////////////////////////////// 
.................... ////                             LCD.C                                     //// 
.................... ////                 Driver for common LCD modules                         //// 
.................... ////                                                                       //// 
.................... ////  lcd_init()   Must be called before any other function.               //// 
.................... ////                                                                       //// 
.................... ////  lcd_putc(c)  Will display c on the next position of the LCD.         //// 
.................... ////                 \a  Set cursor position to upper left                 //// 
.................... ////                 \f  Clear display, set cursor to upper left           //// 
.................... ////                 \n  Go to start of second line                        //// 
.................... ////                 \b  Move back one position                            //// 
.................... ////              If LCD_EXTENDED_NEWLINE is defined, the \n character     //// 
.................... ////              will erase all remanining characters on the current      //// 
.................... ////              line, and move the cursor to the beginning of the next   //// 
.................... ////              line.                                                    //// 
.................... ////              If LCD_EXTENDED_NEWLINE is defined, the \r character     //// 
.................... ////              will move the cursor to the start of the current         //// 
.................... ////              line.                                                    //// 
.................... ////                                                                       //// 
.................... ////  lcd_gotoxy(x,y) Set write position on LCD (upper left is 1,1)        //// 
.................... ////                                                                       //// 
.................... ////  lcd_getc(x,y)   Returns character at position x,y on LCD             //// 
.................... ////                                                                       //// 
.................... ////  CONFIGURATION                                                        //// 
.................... ////  The LCD can be configured in one of two ways: a.) port access or     //// 
.................... ////  b.) pin access.  Port access requires the entire 7 bit interface     //// 
.................... ////  connected to one GPIO port, and the data bits (D4:D7 of the LCD)     //// 
.................... ////  connected to sequential pins on the GPIO.  Pin access                //// 
.................... ////  has no requirements, all 7 bits of the control interface can         //// 
.................... ////  can be connected to any GPIO using several ports.                    //// 
.................... ////                                                                       //// 
.................... ////  To use port access, #define LCD_DATA_PORT to the SFR location of     //// 
.................... ////  of the GPIO port that holds the interface, -AND- edit LCD_PIN_MAP    //// 
.................... ////  of this file to configure the pin order.  If you are using a         //// 
.................... ////  baseline PIC (PCB), then LCD_OUTPUT_MAP and LCD_INPUT_MAP also must  //// 
.................... ////  be defined.                                                          //// 
.................... ////                                                                       //// 
.................... ////  Example of port access:                                              //// 
.................... ////     #define LCD_DATA_PORT getenv("SFR:PORTD")                         //// 
.................... ////                                                                       //// 
.................... ////  To use pin access, the following pins must be defined:               //// 
.................... ////     LCD_ENABLE_PIN                                                    //// 
.................... ////     LCD_RS_PIN                                                        //// 
.................... ////     LCD_RW_PIN                                                        //// 
.................... ////     LCD_DATA4                                                         //// 
.................... ////     LCD_DATA5                                                         //// 
.................... ////     LCD_DATA6                                                         //// 
.................... ////     LCD_DATA7                                                         //// 
.................... ////                                                                       //// 
.................... ////  Example of pin access:                                               //// 
.................... ////     #define LCD_ENABLE_PIN  PIN_E0                                    //// 
.................... ////     #define LCD_RS_PIN      PIN_E1                                    //// 
.................... ////     #define LCD_RW_PIN      PIN_E2                                    //// 
.................... ////     #define LCD_DATA4       PIN_D4                                    //// 
.................... ////     #define LCD_DATA5       PIN_D5                                    //// 
.................... ////     #define LCD_DATA6       PIN_D6                                    //// 
.................... ////     #define LCD_DATA7       PIN_D7                                    //// 
.................... ////                                                                       //// 
.................... /////////////////////////////////////////////////////////////////////////////// 
.................... ////        (C) Copyright 1996,2010 Custom Computer Services           //// 
.................... //// This source code may only be used by licensed users of the CCS C  //// 
.................... //// compiler.  This source code may only be distributed to other      //// 
.................... //// licensed users of the CCS C compiler.  No other use, reproduction //// 
.................... //// or distribution is permitted without written permission.          //// 
.................... //// Derivative programs created using this software in object code    //// 
.................... //// form are not restricted in any way.                               //// 
.................... /////////////////////////////////////////////////////////////////////////// 
....................  
.................... // define the pinout. 
.................... // only required if port access is being used. 
.................... typedef struct   
.................... {                            // This structure is overlayed 
....................    BOOLEAN enable;           // on to an I/O port to gain 
....................    BOOLEAN rs;               // access to the LCD pins. 
....................    BOOLEAN rw;               // The bits are allocated from 
....................    BOOLEAN unused;           // low order up.  ENABLE will 
....................    int     data : 4;         // be LSB pin of that port. 
....................   #if defined(__PCD__)       // The port used will be LCD_DATA_PORT. 
....................    int    reserved: 8; 
....................   #endif 
.................... } LCD_PIN_MAP; 
....................  
.................... // this is to improve compatability with previous LCD drivers that accepted 
.................... // a define labeled 'use_portb_lcd' that configured the LCD onto port B. 
.................... #if ((defined(use_portb_lcd)) && (use_portb_lcd==TRUE)) 
....................  #define LCD_DATA_PORT getenv("SFR:PORTB") 
.................... #endif 
....................  
.................... #if defined(__PCB__) 
....................    // these definitions only need to be modified for baseline PICs. 
....................    // all other PICs use LCD_PIN_MAP or individual LCD_xxx pin definitions. 
.................... /*                                    EN, RS,   RW,   UNUSED,  DATA  */ 
....................  const LCD_PIN_MAP LCD_OUTPUT_MAP =  {0,  0,    0,    0,       0}; 
....................  const LCD_PIN_MAP LCD_INPUT_MAP =   {0,  0,    0,    0,       0xF}; 
.................... #endif 
....................  
.................... ////////////////////// END CONFIGURATION /////////////////////////////////// 
....................  
.................... #ifndef LCD_ENABLE_PIN 
....................    #define lcd_output_enable(x) lcdlat.enable=x 
....................    #define lcd_enable_tris()   lcdtris.enable=0 
.................... #else 
....................    #define lcd_output_enable(x) output_bit(LCD_ENABLE_PIN, x) 
....................    #define lcd_enable_tris()  output_drive(LCD_ENABLE_PIN) 
.................... #endif 
....................  
.................... #ifndef LCD_RS_PIN 
....................    #define lcd_output_rs(x) lcdlat.rs=x 
....................    #define lcd_rs_tris()   lcdtris.rs=0 
.................... #else 
....................    #define lcd_output_rs(x) output_bit(LCD_RS_PIN, x) 
....................    #define lcd_rs_tris()  output_drive(LCD_RS_PIN) 
.................... #endif 
....................  
.................... #ifndef LCD_RW_PIN 
....................    #define lcd_output_rw(x) lcdlat.rw=x 
....................    #define lcd_rw_tris()   lcdtris.rw=0 
.................... #else 
....................    #define lcd_output_rw(x) output_bit(LCD_RW_PIN, x) 
....................    #define lcd_rw_tris()  output_drive(LCD_RW_PIN) 
.................... #endif 
....................  
.................... // original version of this library incorrectly labeled LCD_DATA0 as LCD_DATA4, 
.................... // LCD_DATA1 as LCD_DATA5, and so on.  this block of code makes the driver 
.................... // compatible with any code written for the original library 
.................... #if (defined(LCD_DATA0) && defined(LCD_DATA1) && defined(LCD_DATA2) && defined(LCD_DATA3) && !defined(LCD_DATA4) && !defined(LCD_DATA5) && !defined(LCD_DATA6) && !defined(LCD_DATA7)) 
....................    #define  LCD_DATA4    LCD_DATA0 
....................    #define  LCD_DATA5    LCD_DATA1 
....................    #define  LCD_DATA6    LCD_DATA2 
....................    #define  LCD_DATA7    LCD_DATA3 
.................... #endif 
....................  
.................... #ifndef LCD_DATA4 
.................... #ifndef LCD_DATA_PORT 
....................    #if defined(__PCB__) 
....................       #define LCD_DATA_PORT      0x06     //portb 
....................       #define set_tris_lcd(x)   set_tris_b(x) 
....................    #else 
....................      #if defined(PIN_D0) 
....................       #define LCD_DATA_PORT      getenv("SFR:PORTD")     //portd 
....................      #else 
....................       #define LCD_DATA_PORT      getenv("SFR:PORTB")     //portb 
....................      #endif 
....................    #endif    
.................... #endif 
....................  
.................... #if defined(__PCB__) 
....................    LCD_PIN_MAP lcd, lcdlat; 
....................    #byte lcd = LCD_DATA_PORT 
....................    #byte lcdlat = LCD_DATA_PORT 
.................... #elif defined(__PCM__) 
....................    LCD_PIN_MAP lcd, lcdlat, lcdtris; 
....................    #byte lcd = LCD_DATA_PORT 
....................    #byte lcdlat = LCD_DATA_PORT 
....................    #byte lcdtris = LCD_DATA_PORT+0x80 
.................... #elif defined(__PCH__) 
....................    LCD_PIN_MAP lcd, lcdlat, lcdtris; 
....................    #byte lcd = LCD_DATA_PORT 
....................    #byte lcdlat = LCD_DATA_PORT+9 
....................    #byte lcdtris = LCD_DATA_PORT+0x12 
.................... #elif defined(__PCD__) 
....................    LCD_PIN_MAP lcd, lcdlat, lcdtris; 
....................    #word lcd = LCD_DATA_PORT 
....................    #word lcdlat = LCD_DATA_PORT+2 
....................    #word lcdtris = LCD_DATA_PORT-0x02 
.................... #endif 
.................... #endif   //LCD_DATA4 not defined 
....................  
.................... #ifndef LCD_TYPE 
....................    #define LCD_TYPE 2           // 0=5x7, 1=5x10, 2=2 lines 
.................... #endif 
....................  
.................... #ifndef LCD_LINE_TWO 
....................    #define LCD_LINE_TWO 0x40    // LCD RAM address for the second line 
.................... #endif 
....................  
.................... #ifndef LCD_LINE_LENGTH 
....................    #define LCD_LINE_LENGTH 20 
.................... #endif 
....................  
.................... BYTE const LCD_INIT_STRING[4] = {0x20 | (LCD_TYPE << 2), 0xc, 1, 6}; 
....................                              // These bytes need to be sent to the LCD 
....................                              // to start it up. 
....................  
.................... BYTE lcd_read_nibble(void); 
....................  
.................... BYTE lcd_read_byte(void) 
.................... { 
....................    BYTE low,high; 
....................  
....................  #if defined(__PCB__) 
....................    set_tris_lcd(LCD_INPUT_MAP); 
....................  #else 
....................   #if (defined(LCD_DATA4) && defined(LCD_DATA5) && defined(LCD_DATA6) && defined(LCD_DATA7)) 
....................    output_float(LCD_DATA4); 
*
00B1:  BSF    08.4
....................    output_float(LCD_DATA5); 
00B2:  BSF    08.5
....................    output_float(LCD_DATA6); 
00B3:  BSF    08.6
....................    output_float(LCD_DATA7); 
00B4:  BSF    08.7
....................   #else 
....................    lcdtris.data = 0xF; 
....................   #endif 
....................  #endif 
....................          
....................    lcd_output_rw(1); 
00B5:  BCF    03.5
00B6:  BSF    08.1
00B7:  BSF    03.5
00B8:  BCF    08.1
....................    delay_cycles(1); 
00B9:  NOP
....................    lcd_output_enable(1); 
00BA:  BCF    03.5
00BB:  BSF    08.2
00BC:  BSF    03.5
00BD:  BCF    08.2
....................    delay_cycles(1); 
00BE:  NOP
....................    high = lcd_read_nibble(); 
00BF:  BCF    03.5
00C0:  CALL   078
00C1:  MOVF   78,W
00C2:  MOVWF  30
....................        
....................    lcd_output_enable(0); 
00C3:  BCF    08.2
00C4:  BSF    03.5
00C5:  BCF    08.2
....................    delay_cycles(1); 
00C6:  NOP
....................    lcd_output_enable(1); 
00C7:  BCF    03.5
00C8:  BSF    08.2
00C9:  BSF    03.5
00CA:  BCF    08.2
....................    delay_us(1); 
00CB:  NOP
....................    low = lcd_read_nibble(); 
00CC:  BCF    03.5
00CD:  CALL   078
00CE:  MOVF   78,W
00CF:  MOVWF  2F
....................        
....................    lcd_output_enable(0); 
00D0:  BCF    08.2
00D1:  BSF    03.5
00D2:  BCF    08.2
....................  
....................  #if defined(__PCB__) 
....................    set_tris_lcd(LCD_OUTPUT_MAP); 
....................  #else 
....................   #if (defined(LCD_DATA4) && defined(LCD_DATA5) && defined(LCD_DATA6) && defined(LCD_DATA7)) 
....................    output_drive(LCD_DATA4); 
00D3:  BCF    08.4
....................    output_drive(LCD_DATA5); 
00D4:  BCF    08.5
....................    output_drive(LCD_DATA6); 
00D5:  BCF    08.6
....................    output_drive(LCD_DATA7); 
00D6:  BCF    08.7
....................   #else 
....................    lcdtris.data = 0x0; 
....................   #endif 
....................  #endif 
....................  
....................    return( (high<<4) | low); 
00D7:  BCF    03.5
00D8:  SWAPF  30,W
00D9:  MOVWF  77
00DA:  MOVLW  F0
00DB:  ANDWF  77,F
00DC:  MOVF   77,W
00DD:  IORWF  2F,W
00DE:  MOVWF  78
.................... } 
....................  
.................... BYTE lcd_read_nibble(void) 
.................... { 
....................   #if (defined(LCD_DATA4) && defined(LCD_DATA5) && defined(LCD_DATA6) && defined(LCD_DATA7)) 
*
0078:  CLRF   31
....................    BYTE n = 0x00; 
....................  
....................    /* Read the data port */ 
....................    n |= input(LCD_DATA4); 
0079:  BSF    03.5
007A:  BSF    08.4
007B:  MOVLW  00
007C:  BCF    03.5
007D:  BTFSC  08.4
007E:  MOVLW  01
007F:  IORWF  31,F
....................    n |= input(LCD_DATA5) << 1; 
0080:  BSF    03.5
0081:  BSF    08.5
0082:  MOVLW  00
0083:  BCF    03.5
0084:  BTFSC  08.5
0085:  MOVLW  01
0086:  MOVWF  77
0087:  BCF    03.0
0088:  RLF    77,F
0089:  MOVF   77,W
008A:  IORWF  31,F
....................    n |= input(LCD_DATA6) << 2; 
008B:  BSF    03.5
008C:  BSF    08.6
008D:  MOVLW  00
008E:  BCF    03.5
008F:  BTFSC  08.6
0090:  MOVLW  01
0091:  MOVWF  77
0092:  RLF    77,F
0093:  RLF    77,F
0094:  MOVLW  FC
0095:  ANDWF  77,F
0096:  MOVF   77,W
0097:  IORWF  31,F
....................    n |= input(LCD_DATA7) << 3; 
0098:  BSF    03.5
0099:  BSF    08.7
009A:  MOVLW  00
009B:  BCF    03.5
009C:  BTFSC  08.7
009D:  MOVLW  01
009E:  MOVWF  77
009F:  RLF    77,F
00A0:  RLF    77,F
00A1:  RLF    77,F
00A2:  MOVLW  F8
00A3:  ANDWF  77,F
00A4:  MOVF   77,W
00A5:  IORWF  31,F
....................     
....................    return(n); 
00A6:  MOVF   31,W
00A7:  MOVWF  78
....................   #else 
....................    return(lcd.data); 
....................   #endif 
.................... } 
00A8:  RETURN
....................  
.................... void lcd_send_nibble(BYTE n) 
.................... { 
....................   #if (defined(LCD_DATA4) && defined(LCD_DATA5) && defined(LCD_DATA6) && defined(LCD_DATA7)) 
....................    /* Write to the data port */ 
....................    output_bit(LCD_DATA4, bit_test(n, 0)); 
*
004D:  BTFSC  30.0
004E:  GOTO   051
004F:  BCF    08.4
0050:  GOTO   052
0051:  BSF    08.4
0052:  BSF    03.5
0053:  BCF    08.4
....................    output_bit(LCD_DATA5, bit_test(n, 1)); 
0054:  BCF    03.5
0055:  BTFSC  30.1
0056:  GOTO   059
0057:  BCF    08.5
0058:  GOTO   05A
0059:  BSF    08.5
005A:  BSF    03.5
005B:  BCF    08.5
....................    output_bit(LCD_DATA6, bit_test(n, 2)); 
005C:  BCF    03.5
005D:  BTFSC  30.2
005E:  GOTO   061
005F:  BCF    08.6
0060:  GOTO   062
0061:  BSF    08.6
0062:  BSF    03.5
0063:  BCF    08.6
....................    output_bit(LCD_DATA7, bit_test(n, 3)); 
0064:  BCF    03.5
0065:  BTFSC  30.3
0066:  GOTO   069
0067:  BCF    08.7
0068:  GOTO   06A
0069:  BSF    08.7
006A:  BSF    03.5
006B:  BCF    08.7
....................   #else       
....................    lcdlat.data = n; 
....................   #endif 
....................        
....................    delay_cycles(1); 
006C:  NOP
....................    lcd_output_enable(1); 
006D:  BCF    03.5
006E:  BSF    08.2
006F:  BSF    03.5
0070:  BCF    08.2
....................    delay_us(2); 
0071:  GOTO   072
....................    lcd_output_enable(0); 
0072:  BCF    03.5
0073:  BCF    08.2
0074:  BSF    03.5
0075:  BCF    08.2
.................... } 
0076:  BCF    03.5
0077:  RETURN
....................  
.................... void lcd_send_byte(BYTE address, BYTE n) 
.................... { 
....................   #if defined(__PCB__) 
....................    set_tris_lcd(LCD_OUTPUT_MAP); 
....................   #else 
....................    lcd_enable_tris(); 
*
00A9:  BSF    03.5
00AA:  BCF    08.2
....................    lcd_rs_tris(); 
00AB:  BCF    08.0
....................    lcd_rw_tris(); 
00AC:  BCF    08.1
....................   #endif 
....................  
....................    lcd_output_rs(0); 
00AD:  BCF    03.5
00AE:  BCF    08.0
00AF:  BSF    03.5
00B0:  BCF    08.0
....................    while ( bit_test(lcd_read_byte(),7) ) ; 
*
00DF:  MOVF   78,W
00E0:  MOVWF  2F
00E1:  BTFSS  2F.7
00E2:  GOTO   0E5
00E3:  BSF    03.5
00E4:  GOTO   0B1
....................    lcd_output_rs(address); 
00E5:  MOVF   2D,F
00E6:  BTFSS  03.2
00E7:  GOTO   0EA
00E8:  BCF    08.0
00E9:  GOTO   0EB
00EA:  BSF    08.0
00EB:  BSF    03.5
00EC:  BCF    08.0
....................    delay_cycles(1); 
00ED:  NOP
....................    lcd_output_rw(0); 
00EE:  BCF    03.5
00EF:  BCF    08.1
00F0:  BSF    03.5
00F1:  BCF    08.1
....................    delay_cycles(1); 
00F2:  NOP
....................    lcd_output_enable(0); 
00F3:  BCF    03.5
00F4:  BCF    08.2
00F5:  BSF    03.5
00F6:  BCF    08.2
....................    lcd_send_nibble(n >> 4); 
00F7:  BCF    03.5
00F8:  SWAPF  2E,W
00F9:  MOVWF  2F
00FA:  MOVLW  0F
00FB:  ANDWF  2F,F
00FC:  MOVF   2F,W
00FD:  MOVWF  30
00FE:  CALL   04D
....................    lcd_send_nibble(n & 0xf); 
00FF:  MOVF   2E,W
0100:  ANDLW  0F
0101:  MOVWF  2F
0102:  MOVWF  30
0103:  CALL   04D
.................... } 
0104:  RETURN
....................  
.................... #if defined(LCD_EXTENDED_NEWLINE) 
.................... unsigned int8 g_LcdX, g_LcdY; 
.................... #endif 
....................  
.................... void lcd_init(void)  
.................... { 
....................    BYTE i; 
....................  
....................  #if defined(__PCB__) 
....................    set_tris_lcd(LCD_OUTPUT_MAP); 
....................  #else 
....................   #if (defined(LCD_DATA4) && defined(LCD_DATA5) && defined(LCD_DATA6) && defined(LCD_DATA7)) 
....................    output_drive(LCD_DATA4); 
0105:  BSF    03.5
0106:  BCF    08.4
....................    output_drive(LCD_DATA5); 
0107:  BCF    08.5
....................    output_drive(LCD_DATA6); 
0108:  BCF    08.6
....................    output_drive(LCD_DATA7); 
0109:  BCF    08.7
....................   #else 
....................    lcdtris.data = 0x0; 
....................   #endif 
....................    lcd_enable_tris(); 
010A:  BCF    08.2
....................    lcd_rs_tris(); 
010B:  BCF    08.0
....................    lcd_rw_tris(); 
010C:  BCF    08.1
....................  #endif 
....................  
....................    lcd_output_rs(0); 
010D:  BCF    03.5
010E:  BCF    08.0
010F:  BSF    03.5
0110:  BCF    08.0
....................    lcd_output_rw(0); 
0111:  BCF    03.5
0112:  BCF    08.1
0113:  BSF    03.5
0114:  BCF    08.1
....................    lcd_output_enable(0); 
0115:  BCF    03.5
0116:  BCF    08.2
0117:  BSF    03.5
0118:  BCF    08.2
....................      
....................    delay_ms(15); 
0119:  MOVLW  0F
011A:  BCF    03.5
011B:  MOVWF  29
011C:  CALL   038
....................    for(i=1;i<=3;++i) 
011D:  MOVLW  01
011E:  MOVWF  25
011F:  MOVF   25,W
0120:  SUBLW  03
0121:  BTFSS  03.0
0122:  GOTO   12D
....................    { 
....................        lcd_send_nibble(3); 
0123:  MOVLW  03
0124:  MOVWF  30
0125:  CALL   04D
....................        lcd_send_nibble(0); 
0126:  CLRF   30
0127:  CALL   04D
....................        delay_ms(5); 
0128:  MOVLW  05
0129:  MOVWF  29
012A:  CALL   038
....................    } 
012B:  INCF   25,F
012C:  GOTO   11F
....................     
....................    lcd_send_nibble(2); 
012D:  MOVLW  02
012E:  MOVWF  30
012F:  CALL   04D
....................    lcd_send_nibble(0); 
0130:  CLRF   30
0131:  CALL   04D
....................    delay_ms(5); 
0132:  MOVLW  05
0133:  MOVWF  29
0134:  CALL   038
....................    for(i=0;i<=3;++i) 
0135:  CLRF   25
0136:  MOVF   25,W
0137:  SUBLW  03
0138:  BTFSS  03.0
0139:  GOTO   143
....................       lcd_send_byte(0,LCD_INIT_STRING[i]); 
013A:  MOVF   25,W
013B:  CALL   004
013C:  MOVWF  26
013D:  CLRF   2D
013E:  MOVF   26,W
013F:  MOVWF  2E
0140:  CALL   0A9
....................  
....................   #if defined(LCD_EXTENDED_NEWLINE) 
0141:  INCF   25,F
0142:  GOTO   136
....................    g_LcdX = 0; 
....................    g_LcdY = 0; 
....................   #endif 
.................... } 
0143:  BCF    0A.3
0144:  BCF    0A.4
0145:  GOTO   283 (RETURN)
....................  
.................... void lcd_gotoxy(BYTE x, BYTE y) 
.................... { 
....................    BYTE address; 
....................     
....................    if(y!=1) 
0146:  DECFSZ 2A,W
0147:  GOTO   149
0148:  GOTO   14C
....................       address=LCD_LINE_TWO; 
0149:  MOVLW  40
014A:  MOVWF  2B
....................    else 
014B:  GOTO   14D
....................       address=0; 
014C:  CLRF   2B
....................       
....................    address+=x-1; 
014D:  MOVLW  01
014E:  SUBWF  29,W
014F:  ADDWF  2B,F
....................    lcd_send_byte(0,0x80|address); 
0150:  MOVF   2B,W
0151:  IORLW  80
0152:  MOVWF  2C
0153:  CLRF   2D
0154:  MOVF   2C,W
0155:  MOVWF  2E
0156:  CALL   0A9
....................  
....................   #if defined(LCD_EXTENDED_NEWLINE) 
....................    g_LcdX = x - 1; 
....................    g_LcdY = y - 1; 
....................   #endif 
.................... } 
0157:  RETURN
....................  
.................... void lcd_putc(char c) 
.................... { 
....................    switch (c) 
....................    { 
0158:  MOVF   28,W
0159:  XORLW  07
015A:  BTFSC  03.2
015B:  GOTO   166
015C:  XORLW  0B
015D:  BTFSC  03.2
015E:  GOTO   16B
015F:  XORLW  06
0160:  BTFSC  03.2
0161:  GOTO   173
0162:  XORLW  02
0163:  BTFSC  03.2
0164:  GOTO   179
0165:  GOTO   17E
....................       case '\a'   :  lcd_gotoxy(1,1);     break; 
0166:  MOVLW  01
0167:  MOVWF  29
0168:  MOVWF  2A
0169:  CALL   146
016A:  GOTO   184
....................  
....................       case '\f'   :  lcd_send_byte(0,1); 
016B:  CLRF   2D
016C:  MOVLW  01
016D:  MOVWF  2E
016E:  CALL   0A9
....................                      delay_ms(2); 
016F:  MOVLW  02
0170:  MOVWF  29
0171:  CALL   038
....................                     #if defined(LCD_EXTENDED_NEWLINE) 
....................                      g_LcdX = 0; 
....................                      g_LcdY = 0; 
....................                     #endif 
....................                      break; 
0172:  GOTO   184
....................  
....................      #if defined(LCD_EXTENDED_NEWLINE) 
....................       case '\r'   :  lcd_gotoxy(1, g_LcdY+1);   break; 
....................       case '\n'   : 
....................          while (g_LcdX++ < LCD_LINE_LENGTH) 
....................          { 
....................             lcd_send_byte(1, ' '); 
....................          } 
....................          lcd_gotoxy(1, g_LcdY+2); 
....................          break; 
....................      #else 
....................       case '\n'   : lcd_gotoxy(1,2);        break; 
0173:  MOVLW  01
0174:  MOVWF  29
0175:  MOVLW  02
0176:  MOVWF  2A
0177:  CALL   146
0178:  GOTO   184
....................      #endif 
....................       
....................       case '\b'   : lcd_send_byte(0,0x10);  break; 
0179:  CLRF   2D
017A:  MOVLW  10
017B:  MOVWF  2E
017C:  CALL   0A9
017D:  GOTO   184
....................       
....................      #if defined(LCD_EXTENDED_NEWLINE) 
....................       default     :  
....................          if (g_LcdX < LCD_LINE_LENGTH) 
....................          { 
....................             lcd_send_byte(1, c); 
....................             g_LcdX++; 
....................          } 
....................          break; 
....................      #else 
....................       default     : lcd_send_byte(1,c);     break; 
017E:  MOVLW  01
017F:  MOVWF  2D
0180:  MOVF   28,W
0181:  MOVWF  2E
0182:  CALL   0A9
0183:  GOTO   184
....................      #endif 
....................    } 
.................... } 
0184:  RETURN
....................   
.................... char lcd_getc(BYTE x, BYTE y) 
.................... { 
....................    char value; 
....................  
....................    lcd_gotoxy(x,y); 
....................    while ( bit_test(lcd_read_byte(),7) ); // wait until busy flag is low 
....................    lcd_output_rs(1); 
....................    value = lcd_read_byte(); 
....................    lcd_output_rs(0); 
....................     
....................    return(value); 
.................... } 
....................  
....................  
.................... const char TECLAS[4][4] = { 
....................     {'1', '2', '3', 'A'}, 
....................     {'4', '5', '6', 'B'}, 
....................     {'7', '8', '9', 'C'}, 
....................     {'*', '0', '#', 'D'} 
.................... }; 
....................  
.................... // c5 azul 
.................... // c6 rosado  
.................... // c7 blanco 
....................  
.................... //con A abanzaremos con B retrocederemos   
.................... // beep para acpetar  
.................... void beep_corto(){ 
....................     output_high(PIN_C4); 
*
0259:  BSF    07.4
....................     delay_ms(50); 
025A:  MOVLW  32
025B:  MOVWF  29
025C:  CALL   038
....................     output_low(PIN_C4); 
025D:  BCF    07.4
.................... } 
025E:  BCF    0A.3
025F:  BCF    0A.4
0260:  GOTO   2FF (RETURN)
....................  
.................... //sonido para atrad 
.................... void beep_doble(){ 
....................     output_high(PIN_C4); 
*
0249:  BSF    07.4
....................     delay_ms(50); 
024A:  MOVLW  32
024B:  MOVWF  29
024C:  CALL   038
....................     output_low(PIN_C4); 
024D:  BCF    07.4
....................     delay_ms(30); 
024E:  MOVLW  1E
024F:  MOVWF  29
0250:  CALL   038
....................     output_high(PIN_C4); 
0251:  BSF    07.4
....................     delay_ms(50); 
0252:  MOVLW  32
0253:  MOVWF  29
0254:  CALL   038
....................     output_low(PIN_C4); 
0255:  BCF    07.4
.................... } 
0256:  BCF    0A.3
0257:  BCF    0A.4
0258:  GOTO   2AB (RETURN)
.................... // Sonido para avanzar  
....................  
.................... void beep_triple(){ 
....................      int i ; 
....................     for( i = 0; i < 3; i++){ 
*
0237:  CLRF   25
0238:  MOVF   25,W
0239:  SUBLW  02
023A:  BTFSS  03.0
023B:  GOTO   246
....................         output_high(PIN_C4); 
023C:  BSF    07.4
....................         delay_ms(30); 
023D:  MOVLW  1E
023E:  MOVWF  29
023F:  CALL   038
....................         output_low(PIN_C4); 
0240:  BCF    07.4
....................         delay_ms(20); 
0241:  MOVLW  14
0242:  MOVWF  29
0243:  CALL   038
....................     } 
0244:  INCF   25,F
0245:  GOTO   238
.................... } 
0246:  BCF    0A.3
0247:  BCF    0A.4
0248:  GOTO   2A1 (RETURN)
....................  
.................... // vamos a prender el led que este estipilado 
....................  
.................... void encender(int numero){ 
....................     // Apagar todos los LEDs (C5, C6, C7) pero mantener C4 intacto 
....................     output_low(PIN_C5); 
*
0261:  BCF    07.5
....................     output_low(PIN_C6); 
0262:  BCF    07.6
....................     output_low(PIN_C7); 
0263:  BCF    07.7
....................      
....................     // Encender el LED correspondiente 
....................     if(numero == 0x20) output_high(PIN_C5);  // Azul 
0264:  MOVF   25,W
0265:  SUBLW  20
0266:  BTFSC  03.2
0267:  BSF    07.5
....................     if(numero == 0x40) output_high(PIN_C6);  // Rosado 
0268:  MOVF   25,W
0269:  SUBLW  40
026A:  BTFSC  03.2
026B:  BSF    07.6
....................     if(numero == 0x80) output_high(PIN_C7);  // Blanco 
026C:  MOVF   25,W
026D:  SUBLW  80
026E:  BTFSC  03.2
026F:  BSF    07.7
.................... } 
0270:  RETURN
....................  
.................... char digito(){ 
....................     int i; 
....................     for(i = 0; i < 4; i++){ 
*
01CB:  CLRF   25
01CC:  MOVF   25,W
01CD:  SUBLW  03
01CE:  BTFSS  03.0
01CF:  GOTO   232
....................         // Primero ponemos TODAS las filas en HIGH opcional 
....................          
....................         // Luego ponemos UNA fila en LOW 
....................         if (i == 0) output_b(0b00001110); // B0=0, resto=1 
01D0:  MOVF   25,F
01D1:  BTFSS  03.2
01D2:  GOTO   1D5
01D3:  MOVLW  0E
01D4:  MOVWF  06
....................         if (i == 1) output_b(0b00001101); // B1=0, resto=1 
01D5:  DECFSZ 25,W
01D6:  GOTO   1D9
01D7:  MOVLW  0D
01D8:  MOVWF  06
....................         if (i == 2) output_b(0b00001011); // B2=0, resto=1 
01D9:  MOVF   25,W
01DA:  SUBLW  02
01DB:  BTFSS  03.2
01DC:  GOTO   1DF
01DD:  MOVLW  0B
01DE:  MOVWF  06
....................         if (i == 3) output_b(0b00000111); // B3=0, resto=1 
01DF:  MOVF   25,W
01E0:  SUBLW  03
01E1:  BTFSS  03.2
01E2:  GOTO   1E5
01E3:  MOVLW  07
01E4:  MOVWF  06
....................          
....................         delay_us(100); // Tiempo de estabilización 
01E5:  MOVLW  21
01E6:  MOVWF  77
01E7:  DECFSZ 77,F
01E8:  GOTO   1E7
....................          
....................         // Leemos las columnas 
....................         if(!input(PIN_B4)){ 
01E9:  BTFSC  06.4
01EA:  GOTO   1FA
....................             while(!input(PIN_B4)); // Espera a que suelte 
01EB:  BTFSS  06.4
01EC:  GOTO   1EB
....................             delay_ms(50);          // Anti-rebote 
01ED:  MOVLW  32
01EE:  MOVWF  29
01EF:  CALL   038
....................             return TECLAS[i][0]; 
01F0:  RLF    25,W
01F1:  MOVWF  77
01F2:  RLF    77,F
01F3:  MOVLW  FC
01F4:  ANDWF  77,F
01F5:  MOVF   77,W
01F6:  CALL   00C
01F7:  MOVWF  78
01F8:  MOVWF  78
01F9:  GOTO   234
....................         } 
....................          
....................         if(!input(PIN_B5)){ 
01FA:  BTFSC  06.5
01FB:  GOTO   20C
....................             while(!input(PIN_B5)); 
01FC:  BTFSS  06.5
01FD:  GOTO   1FC
....................             delay_ms(50); 
01FE:  MOVLW  32
01FF:  MOVWF  29
0200:  CALL   038
....................             return TECLAS[i][1]; 
0201:  RLF    25,W
0202:  MOVWF  77
0203:  RLF    77,F
0204:  MOVLW  FC
0205:  ANDWF  77,F
0206:  MOVF   77,W
0207:  ADDLW  01
0208:  CALL   00C
0209:  MOVWF  78
020A:  MOVWF  78
020B:  GOTO   234
....................         } 
....................          
....................         if(!input(PIN_B6)){ 
020C:  BTFSC  06.6
020D:  GOTO   21E
....................             while(!input(PIN_B6)); 
020E:  BTFSS  06.6
020F:  GOTO   20E
....................             delay_ms(50); 
0210:  MOVLW  32
0211:  MOVWF  29
0212:  CALL   038
....................             return TECLAS[i][2]; 
0213:  RLF    25,W
0214:  MOVWF  77
0215:  RLF    77,F
0216:  MOVLW  FC
0217:  ANDWF  77,F
0218:  MOVF   77,W
0219:  ADDLW  02
021A:  CALL   00C
021B:  MOVWF  78
021C:  MOVWF  78
021D:  GOTO   234
....................         } 
....................          
....................         if(!input(PIN_B7)){ 
021E:  BTFSC  06.7
021F:  GOTO   230
....................             while(!input(PIN_B7)); 
0220:  BTFSS  06.7
0221:  GOTO   220
....................             delay_ms(50); 
0222:  MOVLW  32
0223:  MOVWF  29
0224:  CALL   038
....................             return TECLAS[i][3]; 
0225:  RLF    25,W
0226:  MOVWF  77
0227:  RLF    77,F
0228:  MOVLW  FC
0229:  ANDWF  77,F
022A:  MOVF   77,W
022B:  ADDLW  03
022C:  CALL   00C
022D:  MOVWF  78
022E:  MOVWF  78
022F:  GOTO   234
....................         } 
....................     } 
0230:  INCF   25,F
0231:  GOTO   1CC
....................      
....................     return 0; //  FUERA del for 
0232:  MOVLW  00
0233:  MOVWF  78
.................... } 
0234:  BCF    0A.3
0235:  BCF    0A.4
0236:  GOTO   293 (RETURN)
....................  
.................... void main(){ 
*
0037:  DATA 00,00
*
0271:  CLRF   04
0272:  BCF    03.7
0273:  MOVLW  1F
0274:  ANDWF  03,F
0275:  BSF    03.5
0276:  BSF    1F.0
0277:  BSF    1F.1
0278:  BSF    1F.2
0279:  BCF    1F.3
027A:  MOVLW  07
027B:  MOVWF  1C
....................     set_tris_b(0b11110000); // B0-B3 salidad , B4-B7 entradas  
027C:  MOVLW  F0
027D:  MOVWF  06
....................     set_tris_c(0b00000000); 
027E:  MOVLW  00
027F:  MOVWF  07
....................     port_b_pullups(true); 
0280:  BCF    01.7
....................     lcd_init(); 
0281:  BCF    03.5
0282:  GOTO   105
....................     int pin = 0 ;// pin que encenderemoa 
....................     unsigned  int estado = 0 ; // estados con los que nos estaremos moviendo  
....................     boolean flag = true ; // bandera pra el boton  
....................     boolean anterior = false ; // revisamos si el anteriro ya canvio 
0283:  CLRF   21
0284:  CLRF   22
0285:  BSF    23.0
0286:  BCF    23.1
....................     
....................     while(true){ 
....................      
....................         
....................         lcd_gotoxy(1,1); 
0287:  MOVLW  01
0288:  MOVWF  29
0289:  MOVWF  2A
028A:  CALL   146
....................         printf(lcd_putc, "Menu de LE's"); 
028B:  MOVLW  20
028C:  BSF    03.6
028D:  MOVWF  0D
028E:  MOVLW  00
028F:  MOVWF  0F
0290:  BCF    03.6
0291:  CALL   185
....................          
....................         char k = digito(); 
0292:  GOTO   1CB
0293:  MOVF   78,W
0294:  MOVWF  24
....................          
....................         if(k != 0){ 
0295:  MOVF   24,F
0296:  BTFSC  03.2
0297:  GOTO   318
....................              
....................             if(k == 'A' && estado<=3){ 
0298:  MOVF   24,W
0299:  SUBLW  41
029A:  BTFSS  03.2
029B:  GOTO   2A2
029C:  MOVF   22,W
029D:  SUBLW  03
029E:  BTFSS  03.0
029F:  GOTO   2A2
....................                 beep_triple(); 
02A0:  GOTO   237
....................                 estado ++; 
02A1:  INCF   22,F
....................             } 
....................             if(k == 'B' && estado >=1){ 
02A2:  MOVF   24,W
02A3:  SUBLW  42
02A4:  BTFSS  03.2
02A5:  GOTO   2AC
02A6:  MOVF   22,W
02A7:  SUBLW  00
02A8:  BTFSC  03.0
02A9:  GOTO   2AC
....................                beep_doble(); 
02AA:  GOTO   249
....................                estado --; 
02AB:  DECF   22,F
....................             } 
....................             if(k == '#'){ 
02AC:  MOVF   24,W
02AD:  SUBLW  23
02AE:  BTFSS  03.2
02AF:  GOTO   2B2
....................                flag = false; 
02B0:  BCF    23.0
....................                anterior = true; 
02B1:  BSF    23.1
....................             } 
....................             if (estado > 3 ){ 
02B2:  MOVF   22,W
02B3:  SUBLW  03
02B4:  BTFSC  03.0
02B5:  GOTO   2B8
....................                estado = 1; 
02B6:  MOVLW  01
02B7:  MOVWF  22
....................             } 
....................             if (estado ==0){ 
02B8:  MOVF   22,F
02B9:  BTFSS  03.2
02BA:  GOTO   2BD
....................                estado = 3; 
02BB:  MOVLW  03
02BC:  MOVWF  22
....................             } 
....................              
....................             lcd_putc('\f'); 
02BD:  MOVLW  0C
02BE:  MOVWF  28
02BF:  CALL   158
....................             pin = 0 ; 
02C0:  CLRF   21
....................             switch (estado) {   
02C1:  MOVF   22,W
02C2:  XORLW  01
02C3:  BTFSC  03.2
02C4:  GOTO   2CC
02C5:  XORLW  03
02C6:  BTFSC  03.2
02C7:  GOTO   2DB
02C8:  XORLW  01
02C9:  BTFSC  03.2
02CA:  GOTO   2EA
02CB:  GOTO   2F9
....................                   case 1: 
....................                   lcd_gotoxy(1,2); 
02CC:  MOVLW  01
02CD:  MOVWF  29
02CE:  MOVLW  02
02CF:  MOVWF  2A
02D0:  CALL   146
....................                   printf(lcd_putc, "LED AZUL"); 
02D1:  MOVLW  27
02D2:  BSF    03.6
02D3:  MOVWF  0D
02D4:  MOVLW  00
02D5:  MOVWF  0F
02D6:  BCF    03.6
02D7:  CALL   185
....................                   pin = 1; 
02D8:  MOVLW  01
02D9:  MOVWF  21
....................                   break; 
02DA:  GOTO   2FA
....................                    
....................                   case 2: 
....................                   lcd_gotoxy(1,2); 
02DB:  MOVLW  01
02DC:  MOVWF  29
02DD:  MOVLW  02
02DE:  MOVWF  2A
02DF:  CALL   146
....................                   printf(lcd_putc, "LED ROSADO"); 
02E0:  MOVLW  2C
02E1:  BSF    03.6
02E2:  MOVWF  0D
02E3:  MOVLW  00
02E4:  MOVWF  0F
02E5:  BCF    03.6
02E6:  CALL   185
....................                   pin = 2; 
02E7:  MOVLW  02
02E8:  MOVWF  21
....................                   break; 
02E9:  GOTO   2FA
....................                    
....................                   case 3: 
....................                   lcd_gotoxy(1,2); 
02EA:  MOVLW  01
02EB:  MOVWF  29
02EC:  MOVLW  02
02ED:  MOVWF  2A
02EE:  CALL   146
....................                   printf(lcd_putc, "LED BLANCO"); 
02EF:  MOVLW  32
02F0:  BSF    03.6
02F1:  MOVWF  0D
02F2:  MOVLW  00
02F3:  MOVWF  0F
02F4:  BCF    03.6
02F5:  CALL   185
....................                   pin = 3; 
02F6:  MOVLW  03
02F7:  MOVWF  21
....................                   break; 
02F8:  GOTO   2FA
....................                    
....................                   default: 
....................                    
....................                   break; 
02F9:  GOTO   2FA
....................                 } 
....................                  
....................                if(flag == false && anterior == true){ 
02FA:  BTFSC  23.0
02FB:  GOTO   318
02FC:  BTFSS  23.1
02FD:  GOTO   318
....................                 beep_corto(); 
02FE:  GOTO   259
....................                 switch(pin){ 
02FF:  MOVF   21,W
0300:  XORLW  01
0301:  BTFSC  03.2
0302:  GOTO   30A
0303:  XORLW  03
0304:  BTFSC  03.2
0305:  GOTO   30E
0306:  XORLW  01
0307:  BTFSC  03.2
0308:  GOTO   312
0309:  GOTO   316
....................                      case 1: 
....................                      encender(0x20); 
030A:  MOVLW  20
030B:  MOVWF  25
030C:  CALL   261
....................                      break; 
030D:  GOTO   317
....................                       
....................                       
....................                      case 2: 
....................                       encender(0x40); 
030E:  MOVLW  40
030F:  MOVWF  25
0310:  CALL   261
....................                      break; 
0311:  GOTO   317
....................                       
....................                       
....................                      case 3: 
....................                      encender(0x80); 
0312:  MOVLW  80
0313:  MOVWF  25
0314:  CALL   261
....................                      break; 
0315:  GOTO   317
....................                       
....................                      default: 
....................                    
....................                      break; 
0316:  GOTO   317
....................                  
....................                 } 
....................                 anterior = false ; 
0317:  BCF    23.1
....................                      
....................                 } 
....................                
....................              
....................         } 
....................     } 
0318:  GOTO   287
.................... } 
0319:  SLEEP

Configuration Fuses:
   Word  1: 3F71   XT NOWDT PUT BROWNOUT NOLVP NOCPD NOWRT NODEBUG NOPROTECT
